Archive member included because of file (symbol)

/home/emmanuel/lpcxpresso4/workspace/CMSISv1p30_LPC13xx/Debug/libCMSISv1p30_LPC13xx.a(system_LPC13xx.o)
                              ./src/uart.o (SystemCoreClock)

Allocating common symbols
Common symbol       size              file

tiempos             0x7               ./src/uarttest_slave.o
UARTBuffer          0x40              ./src/uart.o
aux                 0x1               ./src/uarttest_slave.o
UARTStatus          0x4               ./src/uart.o
cuentas             0x4               ./src/uarttest_slave.o
Buffer              0x40              ./src/uart.o

Discarded input sections

 .text          0x00000000        0x0 ./src/cr_startup_lpc13.o
 .data          0x00000000        0x0 ./src/cr_startup_lpc13.o
 .bss           0x00000000        0x0 ./src/cr_startup_lpc13.o
 .text          0x00000000        0x0 ./src/uart.o
 .data          0x00000000        0x0 ./src/uart.o
 .bss           0x00000000        0x0 ./src/uart.o
 .text          0x00000000        0x0 ./src/uarttest_slave.o
 .data          0x00000000        0x0 ./src/uarttest_slave.o
 .bss           0x00000000        0x0 ./src/uarttest_slave.o
 .text          0x00000000        0x0 /home/emmanuel/lpcxpresso4/workspace/CMSISv1p30_LPC13xx/Debug/libCMSISv1p30_LPC13xx.a(system_LPC13xx.o)
 .bss           0x00000000        0x0 /home/emmanuel/lpcxpresso4/workspace/CMSISv1p30_LPC13xx/Debug/libCMSISv1p30_LPC13xx.a(system_LPC13xx.o)
 .text.SystemCoreClockUpdate
                0x00000000      0x35c /home/emmanuel/lpcxpresso4/workspace/CMSISv1p30_LPC13xx/Debug/libCMSISv1p30_LPC13xx.a(system_LPC13xx.o)

Memory Configuration

Name             Origin             Length             Attributes
MFlash32         0x00000000         0x00008000         xr
RamLoc8          0x10000000         0x00002000         xrw
*default*        0x00000000         0xffffffff

Linker script and memory map

LOAD ./src/cr_startup_lpc13.o
LOAD ./src/uart.o
LOAD ./src/uarttest_slave.o
LOAD /home/emmanuel/lpcxpresso4/workspace/CMSISv1p30_LPC13xx/Debug/libCMSISv1p30_LPC13xx.a
START GROUP
LOAD /usr/local/lpcxpresso_4.0.6_131/lpcxpresso/tools/bin/../lib/gcc/arm-none-eabi/4.5.1/../../../../arm-none-eabi/lib/thumb2/libcr_c.a
LOAD /usr/local/lpcxpresso_4.0.6_131/lpcxpresso/tools/bin/../lib/gcc/arm-none-eabi/4.5.1/thumb2/libcr_eabihelpers.a
END GROUP
                0x00008000                __top_MFlash32 = 0x8000
                0x10002000                __top_RamLoc8 = 0x10002000

.text           0x00000000      0x880
 FILL mask 0xff
 *(.isr_vector)
 .isr_vector    0x00000000      0x124 ./src/cr_startup_lpc13.o
                0x00000000                g_pfnVectors
                0x00000124                . = ALIGN (0x4)
                0x00000124                __section_table_start = .
                0x00000124                __data_section_table = .
                0x00000124        0x4 LONG 0x880 LOADADDR (.data)
                0x00000128        0x4 LONG 0x10000000 ADDR (.data)
                0x0000012c        0x4 LONG 0x8 SIZEOF (.data)
                0x00000130                __data_section_table_end = .
                0x00000130                __bss_section_table = .
                0x00000130        0x4 LONG 0x10000008 ADDR (.bss)
                0x00000134        0x4 LONG 0x94 SIZEOF (.bss)
                0x00000138                __bss_section_table_end = .
                0x00000138                __section_table_end = .
 *(.after_vectors*)
 *(.text*)
 .text.NMI_Handler
                0x00000138        0x2 ./src/cr_startup_lpc13.o
                0x00000138                NMI_Handler
 .text.HardFault_Handler
                0x0000013a        0x2 ./src/cr_startup_lpc13.o
                0x0000013a                HardFault_Handler
 .text.MemManage_Handler
                0x0000013c        0x2 ./src/cr_startup_lpc13.o
                0x0000013c                MemManage_Handler
 .text.BusFault_Handler
                0x0000013e        0x2 ./src/cr_startup_lpc13.o
                0x0000013e                BusFault_Handler
 .text.UsageFault_Handler
                0x00000140        0x2 ./src/cr_startup_lpc13.o
                0x00000140                UsageFault_Handler
 .text.SVCall_Handler
                0x00000142        0x2 ./src/cr_startup_lpc13.o
                0x00000142                SVCall_Handler
 .text.DebugMon_Handler
                0x00000144        0x2 ./src/cr_startup_lpc13.o
                0x00000144                DebugMon_Handler
 .text.PendSV_Handler
                0x00000146        0x2 ./src/cr_startup_lpc13.o
                0x00000146                PendSV_Handler
 .text.SysTick_Handler
                0x00000148        0x2 ./src/cr_startup_lpc13.o
                0x00000148                SysTick_Handler
 *fill*         0x0000014a        0x2 00
 .text.Reset_Handler
                0x0000014c       0x54 ./src/cr_startup_lpc13.o
                0x0000014c                Reset_Handler
                0x0000014c                ResetISR
 .text.IntDefaultHandler
                0x000001a0        0x2 ./src/cr_startup_lpc13.o
                0x000001a0                TIMER16_0_IRQHandler
                0x000001a0                TIMER32_0_IRQHandler
                0x000001a0                TIMER32_1_IRQHandler
                0x000001a0                PIOINT1_IRQHandler
                0x000001a0                SSP_IRQHandler
                0x000001a0                TIMER16_1_IRQHandler
                0x000001a0                USB_FIQHandler
                0x000001a0                ADC_IRQHandler
                0x000001a0                PIOINT2_IRQHandler
                0x000001a0                USB_IRQHandler
                0x000001a0                BOD_IRQHandler
                0x000001a0                WAKEUP_IRQHandler
                0x000001a0                PIOINT0_IRQHandler
                0x000001a0                I2C_IRQHandler
                0x000001a0                WDT_IRQHandler
                0x000001a0                PIOINT3_IRQHandler
                0x000001a0                FMC_IRQHandler
 *fill*         0x000001a2        0x2 00
 .text.NVIC_EnableIRQ
                0x000001a4       0x38 ./src/uart.o
 .text.NVIC_DisableIRQ
                0x000001dc       0x3c ./src/uart.o
 .text.UART_IRQHandler
                0x00000218      0x178 ./src/uart.o
                0x00000218                UART_IRQHandler
 .text.UARTInit
                0x00000390      0x1ac ./src/uart.o
                0x00000390                UARTInit
 .text.UARTSend
                0x0000053c       0x50 ./src/uart.o
                0x0000053c                UARTSend
 .text.main     0x0000058c       0xe8 ./src/uarttest_slave.o
                0x0000058c                main
 .text.__NOP    0x00000674        0xc /home/emmanuel/lpcxpresso4/workspace/CMSISv1p30_LPC13xx/Debug/libCMSISv1p30_LPC13xx.a(system_LPC13xx.o)
 .text.SystemInit
                0x00000680      0x200 /home/emmanuel/lpcxpresso4/workspace/CMSISv1p30_LPC13xx/Debug/libCMSISv1p30_LPC13xx.a(system_LPC13xx.o)
                0x00000680                SystemInit
 *(.rodata .rodata.*)
                0x00000880                . = ALIGN (0x4)

.glue_7         0x00000880        0x0
 .glue_7        0x00000000        0x0 linker stubs

.glue_7t        0x00000880        0x0
 .glue_7t       0x00000000        0x0 linker stubs

.vfp11_veneer   0x00000880        0x0
 .vfp11_veneer  0x00000000        0x0 linker stubs

.v4_bx          0x00000880        0x0
 .v4_bx         0x00000000        0x0 linker stubs

.ARM.extab
 *(.ARM.extab* .gnu.linkonce.armextab.*)
                0x00000880                __exidx_start = .

.ARM.exidx
 *(.ARM.exidx* .gnu.linkonce.armexidx.*)
                0x00000880                __exidx_end = .
                0x00000880                _etext = .

.uninit_RESERVED
 *(.bss.$RESERVED*)

.data           0x10000000        0x8 load address 0x00000880
 FILL mask 0xff
                0x10000000                _data = .
 *(vtable)
 *(.data*)
 .data.UARTTxEmpty
                0x10000000        0x1 ./src/uart.o
                0x10000000                UARTTxEmpty
 *fill*         0x10000001        0x3 00
 .data          0x10000004        0x4 /home/emmanuel/lpcxpresso4/workspace/CMSISv1p30_LPC13xx/Debug/libCMSISv1p30_LPC13xx.a(system_LPC13xx.o)
                0x10000004                SystemCoreClock
                0x10000008                . = ALIGN (0x4)
                0x10000008                _edata = .

.bss            0x10000008       0x94 load address 0x00000888
                0x10000008                _bss = .
 *(.bss*)
 .bss.UARTCount
                0x10000008        0x4 ./src/uart.o
                0x10000008                UARTCount
 *(COMMON)
 COMMON         0x1000000c       0x84 ./src/uart.o
                0x1000000c                UARTBuffer
                0x1000004c                UARTStatus
                0x10000050                Buffer
 COMMON         0x10000090        0xc ./src/uarttest_slave.o
                0x10000090                tiempos
                0x10000097                aux
                0x10000098                cuentas
                0x1000009c                . = ALIGN (0x4)
                0x1000009c                _ebss = .
                0x1000009c                PROVIDE (end, .)
                0x1000009c                PROVIDE (_pvHeapStart, .)
                0x10002000                PROVIDE (_vStackTop, (__top_RamLoc8 - 0x0))
OUTPUT(UART_SLAVE.axf elf32-littlearm)

.debug_abbrev   0x00000000      0x4c6
 .debug_abbrev  0x00000000       0xe3 ./src/cr_startup_lpc13.o
 .debug_abbrev  0x000000e3      0x1a4 ./src/uart.o
 .debug_abbrev  0x00000287      0x14f ./src/uarttest_slave.o
 .debug_abbrev  0x000003d6       0xf0 /home/emmanuel/lpcxpresso4/workspace/CMSISv1p30_LPC13xx/Debug/libCMSISv1p30_LPC13xx.a(system_LPC13xx.o)

.debug_info     0x00000000     0x18c6
 .debug_info    0x00000000      0x215 ./src/cr_startup_lpc13.o
 .debug_info    0x00000215      0xdd1 ./src/uart.o
 .debug_info    0x00000fe6      0x370 ./src/uarttest_slave.o
 .debug_info    0x00001356      0x570 /home/emmanuel/lpcxpresso4/workspace/CMSISv1p30_LPC13xx/Debug/libCMSISv1p30_LPC13xx.a(system_LPC13xx.o)

.debug_line     0x00000000     0x1055
 .debug_line    0x00000000      0x425 ./src/cr_startup_lpc13.o
 .debug_line    0x00000425      0x43c ./src/uart.o
 .debug_line    0x00000861      0x3b3 ./src/uarttest_slave.o
 .debug_line    0x00000c14      0x441 /home/emmanuel/lpcxpresso4/workspace/CMSISv1p30_LPC13xx/Debug/libCMSISv1p30_LPC13xx.a(system_LPC13xx.o)

.debug_macinfo  0x00000000    0x1750e
 .debug_macinfo
                0x00000000     0x313f ./src/cr_startup_lpc13.o
 .debug_macinfo
                0x0000313f     0x6b75 ./src/uart.o
 .debug_macinfo
                0x00009cb4     0x6b53 ./src/uarttest_slave.o
 .debug_macinfo
                0x00010807     0x6d07 /home/emmanuel/lpcxpresso4/workspace/CMSISv1p30_LPC13xx/Debug/libCMSISv1p30_LPC13xx.a(system_LPC13xx.o)

.debug_loc      0x00000000      0x22a
 .debug_loc     0x00000000       0x3e ./src/cr_startup_lpc13.o
 .debug_loc     0x0000003e      0x118 ./src/uart.o
 .debug_loc     0x00000156       0x38 ./src/uarttest_slave.o
 .debug_loc     0x0000018e       0x9c /home/emmanuel/lpcxpresso4/workspace/CMSISv1p30_LPC13xx/Debug/libCMSISv1p30_LPC13xx.a(system_LPC13xx.o)

.debug_pubnames
                0x00000000      0x208
 .debug_pubnames
                0x00000000       0xec ./src/cr_startup_lpc13.o
 .debug_pubnames
                0x000000ec       0x87 ./src/uart.o
 .debug_pubnames
                0x00000173       0x46 ./src/uarttest_slave.o
 .debug_pubnames
                0x000001b9       0x4f /home/emmanuel/lpcxpresso4/workspace/CMSISv1p30_LPC13xx/Debug/libCMSISv1p30_LPC13xx.a(system_LPC13xx.o)

.debug_pubtypes
                0x00000000      0x123
 .debug_pubtypes
                0x00000000       0x12 ./src/cr_startup_lpc13.o
 .debug_pubtypes
                0x00000012       0x92 ./src/uart.o
 .debug_pubtypes
                0x000000a4       0x49 ./src/uarttest_slave.o
 .debug_pubtypes
                0x000000ed       0x36 /home/emmanuel/lpcxpresso4/workspace/CMSISv1p30_LPC13xx/Debug/libCMSISv1p30_LPC13xx.a(system_LPC13xx.o)

.debug_aranges  0x00000000      0x100
 .debug_aranges
                0x00000000       0x70 ./src/cr_startup_lpc13.o
 .debug_aranges
                0x00000070       0x40 ./src/uart.o
 .debug_aranges
                0x000000b0       0x20 ./src/uarttest_slave.o
 .debug_aranges
                0x000000d0       0x30 /home/emmanuel/lpcxpresso4/workspace/CMSISv1p30_LPC13xx/Debug/libCMSISv1p30_LPC13xx.a(system_LPC13xx.o)

.debug_ranges   0x00000000       0xc0
 .debug_ranges  0x00000000       0x60 ./src/cr_startup_lpc13.o
 .debug_ranges  0x00000060       0x30 ./src/uart.o
 .debug_ranges  0x00000090       0x10 ./src/uarttest_slave.o
 .debug_ranges  0x000000a0       0x20 /home/emmanuel/lpcxpresso4/workspace/CMSISv1p30_LPC13xx/Debug/libCMSISv1p30_LPC13xx.a(system_LPC13xx.o)

.debug_str      0x00000000      0xb53
 .debug_str     0x00000000      0x1a1 ./src/cr_startup_lpc13.o
                                0x1d5 (size before relaxing)
 .debug_str     0x000001a1      0x8f6 ./src/uart.o
                                0x9bd (size before relaxing)
 .debug_str     0x00000a97       0x37 ./src/uarttest_slave.o
                                0x175 (size before relaxing)
 .debug_str     0x00000ace       0x85 /home/emmanuel/lpcxpresso4/workspace/CMSISv1p30_LPC13xx/Debug/libCMSISv1p30_LPC13xx.a(system_LPC13xx.o)
                                0x3f1 (size before relaxing)

.comment        0x00000000       0x2a
 .comment       0x00000000       0x2a ./src/cr_startup_lpc13.o
                                 0x2b (size before relaxing)
 .comment       0x00000000       0x2b ./src/uart.o
 .comment       0x00000000       0x2b ./src/uarttest_slave.o
 .comment       0x00000000       0x2b /home/emmanuel/lpcxpresso4/workspace/CMSISv1p30_LPC13xx/Debug/libCMSISv1p30_LPC13xx.a(system_LPC13xx.o)

.ARM.attributes
                0x00000000       0x31
 .ARM.attributes
                0x00000000       0x31 ./src/cr_startup_lpc13.o
 .ARM.attributes
                0x00000031       0x31 ./src/uart.o
 .ARM.attributes
                0x00000062       0x31 ./src/uarttest_slave.o
 .ARM.attributes
                0x00000093       0x31 /home/emmanuel/lpcxpresso4/workspace/CMSISv1p30_LPC13xx/Debug/libCMSISv1p30_LPC13xx.a(system_LPC13xx.o)

.debug_frame    0x00000000      0x1fc
 .debug_frame   0x00000000       0xc8 ./src/cr_startup_lpc13.o
 .debug_frame   0x000000c8       0xa0 ./src/uart.o
 .debug_frame   0x00000168       0x30 ./src/uarttest_slave.o
 .debug_frame   0x00000198       0x64 /home/emmanuel/lpcxpresso4/workspace/CMSISv1p30_LPC13xx/Debug/libCMSISv1p30_LPC13xx.a(system_LPC13xx.o)
