
**** Build of configuration Debug for project CMSISv1p30_LPC13xx ****

make all 
Building file: ../src/core_cm3.c
Invoking: MCU C Compiler
arm-none-eabi-gcc -DDEBUG -D__CODE_RED -D__REDLIB__ -I"D:\Archivos\DropBox\proyectofinal\codigo\workspace\CMSISv1p30_LPC13xx\inc" -O0 -g3 -Wall -c -fmessage-length=0 -fno-builtin -ffunction-sections -mcpu=cortex-m3 -mthumb -MMD -MP -MF"src/core_cm3.d" -MT"src/core_cm3.d" -o"src/core_cm3.o" "../src/core_cm3.c"
Finished building: ../src/core_cm3.c
 
Building file: ../src/system_LPC13xx.c
Invoking: MCU C Compiler
arm-none-eabi-gcc -DDEBUG -D__CODE_RED -D__REDLIB__ -I"D:\Archivos\DropBox\proyectofinal\codigo\workspace\CMSISv1p30_LPC13xx\inc" -O0 -g3 -Wall -c -fmessage-length=0 -fno-builtin -ffunction-sections -mcpu=cortex-m3 -mthumb -MMD -MP -MF"src/system_LPC13xx.d" -MT"src/system_LPC13xx.d" -o"src/system_LPC13xx.o" "../src/system_LPC13xx.c"
Finished building: ../src/system_LPC13xx.c
 
Building target: libCMSISv1p30_LPC13xx.a
Invoking: MCU Archiver
arm-none-eabi-ar -r "libCMSISv1p30_LPC13xx.a"  ./src/core_cm3.o ./src/system_LPC13xx.o   
d:\Instalacion Programas\LPCXpresso_4.1.5_219\lpcxpresso\tools\bin\arm-none-eabi-ar.exe: creating libCMSISv1p30_LPC13xx.a
Finished building target: libCMSISv1p30_LPC13xx.a
 
make --no-print-directory post-build
Performing post-build steps
arm-none-eabi-size libCMSISv1p30_LPC13xx.a ; # arm-none-eabi-objdump -h -S libCMSISv1p30_LPC13xx.a >libCMSISv1p30_LPC13xx.lss
   text	   data	    bss	    dec	    hex	filename
    652	      0	      0	    652	    28c	core_cm3.o (ex libCMSISv1p30_LPC13xx.a)
   1384	      4	      0	   1388	    56c	system_LPC13xx.o (ex libCMSISv1p30_LPC13xx.a)
 
